// Jest Snapshot v1, https://goo.gl/fbAQLP

exports[`filteredMaterial Duck Tests Action Generator clearFilteredMaterial should match the snapshot 1`] = `
Object {
  "type": "modules/data-visualisation-app/CLEAR_FILTERED_MATERIAL",
}
`;

exports[`filteredMaterial Duck Tests Action Generator setFilteredMaterial should match the snapshot 1`] = `
Object {
  "data": "mockValue",
  "type": "modules/data-visualisation-app/SET_FILTERED_MATERIAL",
}
`;
