// Jest Snapshot v1, https://goo.gl/fbAQLP

exports[`App Component should render correctly 1`] = `
<div
  className="dashboard-content"
>
  <h5
    className="text-center"
  >
    BoatRamp Dashboard
  </h5>
  <Connect(Filter) />
  <WithStyles(ForwardRef(Card))
    className="card-container mt-4 ml-3 mx-auto"
    variant="outlined"
  >
    <WithStyles(ForwardRef(CardContent))>
      <Connect(ConstructionMaterial) />
    </WithStyles(ForwardRef(CardContent))>
  </WithStyles(ForwardRef(Card))>
  <Connect(BoatRamps) />
</div>
`;
